###############################################################################
#Licensed Materials - Property of IBM
#(c) Copyright IBM Corporation 2009. All Rights Reserved.
#
#Note to U.S. Government Users Restricted Rights:  
#Use, duplication or disclosure restricted by GSA ADP Schedule 
#Contract with IBM Corp. 
###############################################################################

apt.TeamCapacity = /Team Capacity.rptdesign
build.BuildHealth = /Build Health.rptdesign
build.BuildResults = /Build Results.rptdesign
build.CodeHealth = /Code Health.rptdesign
build.FrequentTestFailures = /Frequent Test Failures.rptdesign
build.FrequentTestRegressions = /Frequent Test Regressions.rptdesign
build.MicroBuildDuration = /micro/Micro Build Duration.rptdesign
build.MicroBuildHealth = /micro/Micro Build Health.rptdesign
build.MicroCompilationWarnings = /micro/Micro Compilation Warnings.rptdesign
build.MicroFrequentTestFailures = /micro/Micro Frequent Test Failures.rptdesign
build.MicroFrequentTestRegressions = /micro/Micro Frequent Test Regressions.rptdesign
build.MicroTestFailures = /micro/Micro Test Failures.rptdesign
build.MicroTests = /micro/Micro Tests.rptdesign
datawarehouse.DataWarehouseMetrics = /Data Warehouse Metrics.rptdesign
repository.AsynchTaskCounters = /Asynch Task Counters.rptdesign
repository.LatestRepositoryMetrics = /Latest Repository Metrics.rptdesign
repository.LatestRepositoryMetricsByNamespace = /Latest Repository Metrics by Namespace.rptdesign
repository.RepositoryIntegralRangeCounters = /Repository Integral Range Counters.rptdesign
repository.RepositoryMetrics = /Repository Metrics.rptdesign
repository.RepositoryMetricsByNamespace = /Repository Metrics by Namespace.rptdesign
repository.RepositoryRangeCounters = /Repository Range Counters.rptdesign
repository.RepositoryScalarCounters = /Repository Scalar Counters.rptdesign
repository.ServiceCallCounters = /Service Call Counters.rptdesign
scm.MicroStreamSizeCounts = /micro/Micro Stream Size Counts.rptdesign
scm.ProjectActivity = /Project Activity.rptdesign
scm.ProjectActivityByComponent = /Project Activity by Component.rptdesign
scm.StreamSizeCounts = /Stream Size Counts.rptdesign
scm.MicroChangeSetActivity = /micro/Micro Change Set Activity.rptdesign
scm.MicroFileChangeActivity = /micro/Micro File Change Activity.rptdesign
workitems.ActualAsPercentageOfEstimatedWork = /Actual as Percentage of Estimated Work.rptdesign
workitems.AdvancedReleaseBurndown = /Advanced Release Burndown.rptdesign
workitems.AdvancedReleaseBurnup = /Advanced Release Burnup.rptdesign
workitems.AdvancedTeamVelocity = /Advanced Team Velocity.rptdesign
workitems.AverageCycleTime = /Average Cycle Time.rptdesign
workitems.AverageLeadTime = /Average Lead Time.rptdesign
workitems.AverageTimeInState = /Average Time in State.rptdesign
workitems.BlockingWorkItems = /Blocking Work Items.rptdesign
workitems.BurndownByStoryPoints = /Burndown by Story Points.rptdesign
workitems.Burndown = /Burndown.rptdesign
workitems.BurnupByStoryPoints = /Burnup by Story Points.rptdesign
workitems.Burnup = /Burnup.rptdesign
workitems.ClosedWorkItemsByIteration = /Closed Work Items by Iteration.rptdesign
workitems.ClosedWorkItemsDaily = /Closed Work Items Daily.rptdesign
workitems.CumulativeValueFlow = /Cumulative Value Flow.rptdesign
workitems.CumulativeValueFlowByState = /Cumulative Value Flow by State.rptdesign
workitems.CycleTimeAsPercentageOfLeadTime = /Cycle Time as Percentage of Lead Time.rptdesign
workitems.DefectBacklog = /Defect Backlog.rptdesign
workitems.DefectBacklogByProjectArea = /cross-project/Defect Backlog by Project Area.rptdesign
workitems.DefectDiscoveryRate = /Defect Discovery Rate.rptdesign
workitems.DeferredWorkItems = /Deferred Work Items.rptdesign
workitems.DetailedTeamTimesheet = /Detailed Team Timesheet.rptdesign
workitems.EstimateChanges = /Estimate Changes.rptdesign
workitems.EstimatedVsActualWork = /Estimated vs Actual Work.rptdesign
workitems.MicroAdvancedReleaseBurndown = /micro/Micro Advanced Release Burndown.rptdesign
workitems.MicroAdvancedReleaseBurnup = /micro/Micro Advanced Release Burnup.rptdesign
workitems.MicroAdvancedTeamVelocity = /micro/Micro Advanced Team Velocity.rptdesign
workitems.MicroAverageCycleTime = /micro/Micro Average Cycle Time.rptdesign
workitems.MicroAverageLeadTime = /micro/Micro Average Lead Time.rptdesign
workitems.MicroAverageTimeInState = /micro/Micro Average Time in State.rptdesign
workitems.MicroBlockingWorkItems = /micro/Micro Blocking Work Items.rptdesign
workitems.MicroBurndownByStoryPoints = /micro/Micro Burndown by Story Points.rptdesign
workitems.MicroBurndown = /micro/Micro Burndown.rptdesign
workitems.MicroBurnupByStoryPoints = /micro/Micro Burnup by Story Points.rptdesign
workitems.MicroBurnup = /micro/Micro Burnup.rptdesign
workitems.MicroClosedWorkItemsByPriority = /micro/Micro Closed Work Items by Priority.rptdesign
workitems.MicroClosedWorkItemsDaily = /micro/Micro Closed Work Items Daily.rptdesign
workitems.MicroCumulativeValueFlow = /micro/Micro Cumulative Value Flow.rptdesign
workitems.MicroCumulativeValueFlowByState = /micro/Micro Cumulative Value Flow by State.rptdesign
workitems.MicroCycleTimeAsPercentageOfLeadTime = /micro/Micro Cycle Time as Percentage of Lead Time.rptdesign
workitems.MicroDeferredWorkItems = /micro/Micro Deferred Work Items.rptdesign
workitems.MicroEstimatedVsActualWork = /micro/Micro Estimated vs Actual Work.rptdesign
workitems.MicroNewWorkItemsBySeverity = /micro/Micro New Work Items by Severity.rptdesign
workitems.MicroOpenWorkItems = /micro/Micro Open Work Items.rptdesign
workitems.MicroOpenVsClosedStoryPointsByIteration = /micro/Micro Open vs Closed Story Points by Iteration.rptdesign
workitems.MicroOpenVsClosedWorkItems = /micro/Micro Open vs Closed Work Items.rptdesign
workitems.MicroOpenWorkItemsByPriority = /micro/Micro Open Work Items by Priority.rptdesign
workitems.MicroOpenWorkItemsByType = /micro/Micro Open Work Items by Type.rptdesign
workitems.MicroProcessControl = /micro/Micro Process Control.rptdesign
workitems.MicroReleaseBurndown = /micro/Micro Release Burndown.rptdesign
workitems.MicroReleaseBurnup = /micro/Micro Release Burnup.rptdesign
workitems.MicroStoryChildrenBurndown = /micro/Micro Story Children Burndown.rptdesign
workitems.MicroStoryPoints = /micro/Micro Story Points.rptdesign
workitems.MicroStoryPointsByIteration = /micro/Micro Story Points by Iteration.rptdesign
workitems.MicroStoryPointsProgress = /micro/Micro Story Points Progress.rptdesign
workitems.MicroStoryPointsRemaining = /micro/Micro Story Points Remaining.rptdesign
workitems.MicroTeamVelocity = /micro/Micro Team Velocity.rptdesign
workitems.MicroWorkItemComparison = /micro/Micro Work Item Comparison.rptdesign
workitems.NewWorkItemsBySeverity = /New Work Items by Severity.rptdesign
workitems.OpenVsClosedStoryPointsByIteration = /Open vs Closed Story Points by Iteration.rptdesign
workitems.OpenVsClosedWorkItems = /Open vs Closed Work Items.rptdesign
workitems.OpenWorkItems = /Open Work Items.rptdesign
workitems.OpenWorkItemsByType = /Open Work Items by Type.rptdesign
workitems.PersonalTimesheet = /Personal Timesheet.rptdesign
workitems.PersonalTimesheetByProjectArea = /Personal Timesheet by Project Area.rptdesign
workitems.PersonalTimesheetByWorkItem = /Personal Timesheet by Work Item.rptdesign
workitems.ProcessControl = /Process Control.rptdesign
workitems.ReleaseBurndown = /Release Burndown.rptdesign
workitems.ReleaseBurnup = /Release Burnup.rptdesign
workitems.RisksByExposure = /Risks by Exposure.rptdesign
workitems.StoryChildWorkItems = /live/Story Child Work Items.rptdesign
workitems.StoryChildrenBurndown = /Story Children Burndown.rptdesign
workitems.StoryPoints = /Story Points.rptdesign
workitems.StoryPointsByIteration = /Story Points by Iteration.rptdesign
workitems.StoryPointsProgress = /Story Points Progress.rptdesign
workitems.StoryPointsRemaining = /Story Points Remaining.rptdesign
workitems.TeamTimesheet = /Team Timesheet.rptdesign
workitems.TeamVelocity = /Team Velocity.rptdesign
workitems.TeamVelocityByTeam = /Team Velocity by Team.rptdesign
workitems.WorkItemCommentsComparison = /Work Item Comments Comparison.rptdesign
workitems.WorkItemComparison = /Work Item Comparison.rptdesign
workitems.WorkItemComparisonByProjectArea = /cross-project/Work Item Comparison by Project Area.rptdesign
workitems.WorkItemHistoryDetails = /Work Item History Details.rptdesign
workitems.WorkItemsByOwner = /live/Work Items by Owner.rptdesign
workitems.WorkItemsByPriority = /Work Items by Priority.rptdesign
workitems.WorkItemsByTeamArea = /live/Work Items by Team Area.rptdesign
workitems.WorkItemsDailyActivity = /Work Items Daily Activity.rptdesign
workitems.WorkItemTimesheetSummary = /Work Item Timesheet Summary.rptdesign